## 04-28
```shell
smartctl 7.4 2023-08-01 r5530 [Darwin 23.0.0 arm64] (local build)
Copyright (C) 2002-23, Bruce Allen, Christian Franke, www.smartmontools.org

=== START OF INFORMATION SECTION ===
Model Number:                       APPLE SSD AP0256Z
Serial Number:                      0ba01f1144582433
Firmware Version:                   355
PCI Vendor/Subsystem ID:            0x106b
IEEE OUI Identifier:                0x000000
Controller ID:                      0
NVMe Version:                       <1.2
Number of Namespaces:               3
Local Time is:                      Sun Apr 28 14:51:00 2024 CST
Firmware Updates (0x02):            1 Slot
Optional Admin Commands (0x0004):   Frmw_DL
Optional NVM Commands (0x0004):     DS_Mngmt
Maximum Data Transfer Size:         256 Pages

Supported Power States
St Op     Max   Active     Idle   RL RT WL WT  Ent_Lat  Ex_Lat
 0 +     0.00W       -        -    0  0  0  0        0       0

=== START OF SMART DATA SECTION ===
SMART overall-health self-assessment test result: PASSED

SMART/Health Information (NVMe Log 0x02)
Critical Warning:                   0x00
Temperature:                        32 Celsius
Available Spare:                    100%
Available Spare Threshold:          99%
Percentage Used:                    2%
Data Units Read:                    107,103,479 [54.8 TB]
Data Units Written:                 62,786,553 [32.1 TB]
Host Read Commands:                 2,354,229,498
Host Write Commands:                852,488,786
Controller Busy Time:               0
Power Cycles:                       151
Power On Hours:                     870
Unsafe Shutdowns:                   9
Media and Data Integrity Errors:    0
Error Information Log Entries:      0

Read 1 entries from Error Information Log failed: GetLogPage failed: system=0x38, sub=0x0, code=745


```

## 0428
```shell
smartctl 7.4 2023-08-01 r5530 [Darwin 23.0.0 arm64] (local build)
Copyright (C) 2002-23, Bruce Allen, Christian Franke, www.smartmontools.org

=== START OF INFORMATION SECTION ===
Model Number:                       APPLE SSD AP0256Z
Serial Number:                      0ba01f1144582433
Firmware Version:                   355
PCI Vendor/Subsystem ID:            0x106b
IEEE OUI Identifier:                0x000000
Controller ID:                      0
NVMe Version:                       <1.2
Number of Namespaces:               3
Local Time is:                      Sun Apr 28 14:59:41 2024 CST
Firmware Updates (0x02):            1 Slot
Optional Admin Commands (0x0004):   Frmw_DL
Optional NVM Commands (0x0004):     DS_Mngmt
Maximum Data Transfer Size:         256 Pages

Supported Power States
St Op     Max   Active     Idle   RL RT WL WT  Ent_Lat  Ex_Lat
 0 +     0.00W       -        -    0  0  0  0        0       0

=== START OF SMART DATA SECTION ===
SMART overall-health self-assessment test result: PASSED

SMART/Health Information (NVMe Log 0x02)
Critical Warning:                   0x00
Temperature:                        33 Celsius
Available Spare:                    100%
Available Spare Threshold:          99%
Percentage Used:                    2%
Data Units Read:                    107,107,067 [54.8 TB]
Data Units Written:                 62,787,064 [32.1 TB]
Host Read Commands:                 2,354,323,030
Host Write Commands:                852,501,563
Controller Busy Time:               0
Power Cycles:                       151
Power On Hours:                     870
Unsafe Shutdowns:                   9
Media and Data Integrity Errors:    0
Error Information Log Entries:      0

Read 1 entries from Error Information Log failed: GetLogPage failed: system=0x38, sub=0x0, code=745


```

## 0428
```shell
smartctl 7.4 2023-08-01 r5530 [Darwin 23.0.0 arm64] (local build)
Copyright (C) 2002-23, Bruce Allen, Christian Franke, www.smartmontools.org

=== START OF INFORMATION SECTION ===
Model Number:                       APPLE SSD AP0256Z
Serial Number:                      0ba01f1144582433
Firmware Version:                   355
PCI Vendor/Subsystem ID:            0x106b
IEEE OUI Identifier:                0x000000
Controller ID:                      0
NVMe Version:                       <1.2
Number of Namespaces:               3
Local Time is:                      Sun Apr 28 15:01:32 2024 CST
Firmware Updates (0x02):            1 Slot
Optional Admin Commands (0x0004):   Frmw_DL
Optional NVM Commands (0x0004):     DS_Mngmt
Maximum Data Transfer Size:         256 Pages

Supported Power States
St Op     Max   Active     Idle   RL RT WL WT  Ent_Lat  Ex_Lat
 0 +     0.00W       -        -    0  0  0  0        0       0

=== START OF SMART DATA SECTION ===
SMART overall-health self-assessment test result: PASSED

SMART/Health Information (NVMe Log 0x02)
Critical Warning:                   0x00
Temperature:                        33 Celsius
Available Spare:                    100%
Available Spare Threshold:          99%
Percentage Used:                    2%
Data Units Read:                    107,107,752 [54.8 TB]
Data Units Written:                 62,787,135 [32.1 TB]
Host Read Commands:                 2,354,339,839
Host Write Commands:                852,504,045
Controller Busy Time:               0
Power Cycles:                       151
Power On Hours:                     870
Unsafe Shutdowns:                   9
Media and Data Integrity Errors:    0
Error Information Log Entries:      0

Read 1 entries from Error Information Log failed: GetLogPage failed: system=0x38, sub=0x0, code=745

```

## 0428
```shell
smartctl 7.4 2023-08-01 r5530 [Darwin 23.0.0 arm64] (local build)
Copyright (C) 2002-23, Bruce Allen, Christian Franke, www.smartmontools.org

=== START OF INFORMATION SECTION ===
Model Number:                       APPLE SSD AP0256Z
Serial Number:                      0ba01f1144582433
Firmware Version:                   355
PCI Vendor/Subsystem ID:            0x106b
IEEE OUI Identifier:                0x000000
Controller ID:                      0
NVMe Version:                       <1.2
Number of Namespaces:               3
Local Time is:                      Sun Apr 28 15:01:53 2024 CST
Firmware Updates (0x02):            1 Slot
Optional Admin Commands (0x0004):   Frmw_DL
Optional NVM Commands (0x0004):     DS_Mngmt
Maximum Data Transfer Size:         256 Pages

Supported Power States
St Op     Max   Active     Idle   RL RT WL WT  Ent_Lat  Ex_Lat
 0 +     0.00W       -        -    0  0  0  0        0       0

=== START OF SMART DATA SECTION ===
SMART overall-health self-assessment test result: PASSED

SMART/Health Information (NVMe Log 0x02)
Critical Warning:                   0x00
Temperature:                        33 Celsius
Available Spare:                    100%
Available Spare Threshold:          99%
Percentage Used:                    2%
Data Units Read:                    107,108,207 [54.8 TB]
Data Units Written:                 62,787,157 [32.1 TB]
Host Read Commands:                 2,354,349,361
Host Write Commands:                852,504,679
Controller Busy Time:               0
Power Cycles:                       151
Power On Hours:                     870
Unsafe Shutdowns:                   9
Media and Data Integrity Errors:    0
Error Information Log Entries:      0

Read 1 entries from Error Information Log failed: GetLogPage failed: system=0x38, sub=0x0, code=745```

## 0428
```shell
smartctl 7.4 2023-08-01 r5530 [Darwin 23.0.0 arm64] (local build)
Copyright (C) 2002-23, Bruce Allen, Christian Franke, www.smartmontools.org

=== START OF INFORMATION SECTION ===
Model Number:                       APPLE SSD AP0256Z
Serial Number:                      0ba01f1144582433
Firmware Version:                   355
PCI Vendor/Subsystem ID:            0x106b
IEEE OUI Identifier:                0x000000
Controller ID:                      0
NVMe Version:                       <1.2
Number of Namespaces:               3
Local Time is:                      Sun Apr 28 15:02:24 2024 CST
Firmware Updates (0x02):            1 Slot
Optional Admin Commands (0x0004):   Frmw_DL
Optional NVM Commands (0x0004):     DS_Mngmt
Maximum Data Transfer Size:         256 Pages

Supported Power States
St Op     Max   Active     Idle   RL RT WL WT  Ent_Lat  Ex_Lat
 0 +     0.00W       -        -    0  0  0  0        0       0

=== START OF SMART DATA SECTION ===
SMART overall-health self-assessment test result: PASSED

SMART/Health Information (NVMe Log 0x02)
Critical Warning:                   0x00
Temperature:                        34 Celsius
Available Spare:                    100%
Available Spare Threshold:          99%
Percentage Used:                    2%
Data Units Read:                    107,108,503 [54.8 TB]
Data Units Written:                 62,787,187 [32.1 TB]
Host Read Commands:                 2,354,355,698
Host Write Commands:                852,505,458
Controller Busy Time:               0
Power Cycles:                       151
Power On Hours:                     870
Unsafe Shutdowns:                   9
Media and Data Integrity Errors:    0
Error Information Log Entries:      0

Read 1 entries from Error Information Log failed: GetLogPage failed: system=0x38, sub=0x0, code=745
```

## 0428
```shell
smartctl 7.4 2023-08-01 r5530 [Darwin 23.0.0 arm64] (local build)
Copyright (C) 2002-23, Bruce Allen, Christian Franke, www.smartmontools.org

=== START OF INFORMATION SECTION ===
Model Number:                       APPLE SSD AP0256Z
Serial Number:                      0ba01f1144582433
Firmware Version:                   355
PCI Vendor/Subsystem ID:            0x106b
IEEE OUI Identifier:                0x000000
Controller ID:                      0
NVMe Version:                       <1.2
Number of Namespaces:               3
Local Time is:                      Sun Apr 28 15:30:14 2024 CST
Firmware Updates (0x02):            1 Slot
Optional Admin Commands (0x0004):   Frmw_DL
Optional NVM Commands (0x0004):     DS_Mngmt
Maximum Data Transfer Size:         256 Pages

Supported Power States
St Op     Max   Active     Idle   RL RT WL WT  Ent_Lat  Ex_Lat
 0 +     0.00W       -        -    0  0  0  0        0       0

=== START OF SMART DATA SECTION ===
SMART overall-health self-assessment test result: PASSED

SMART/Health Information (NVMe Log 0x02)
Critical Warning:                   0x00
Temperature:                        35 Celsius
Available Spare:                    100%
Available Spare Threshold:          99%
Percentage Used:                    2%
Data Units Read:                    107,124,336 [54.8 TB]
Data Units Written:                 62,790,127 [32.1 TB]
Host Read Commands:                 2,354,916,450
Host Write Commands:                852,584,502
Controller Busy Time:               0
Power Cycles:                       151
Power On Hours:                     871
Unsafe Shutdowns:                   9
Media and Data Integrity Errors:    0
Error Information Log Entries:      0

Read 1 entries from Error Information Log failed: GetLogPage failed: system=0x38, sub=0x0, code=745
```

