## 04-28
```shell
smartctl 7.4 2023-08-01 r5530 [Darwin 23.0.0 arm64] (local build)
Copyright (C) 2002-23, Bruce Allen, Christian Franke, www.smartmontools.org

=== START OF INFORMATION SECTION ===
Model Number:                       APPLE SSD AP0256Z
Serial Number:                      0ba01f1144582433
Firmware Version:                   355
PCI Vendor/Subsystem ID:            0x106b
IEEE OUI Identifier:                0x000000
Controller ID:                      0
NVMe Version:                       <1.2
Number of Namespaces:               3
Local Time is:                      Sun Apr 28 14:22:22 2024 CST
Firmware Updates (0x02):            1 Slot
Optional Admin Commands (0x0004):   Frmw_DL
Optional NVM Commands (0x0004):     DS_Mngmt
Maximum Data Transfer Size:         256 Pages

Supported Power States
St Op     Max   Active     Idle   RL RT WL WT  Ent_Lat  Ex_Lat
 0 +     0.00W       -        -    0  0  0  0        0       0

=== START OF SMART DATA SECTION ===
SMART overall-health self-assessment test result: PASSED

SMART/Health Information (NVMe Log 0x02)
Critical Warning:                   0x00
Temperature:                        33 Celsius
Available Spare:                    100%
Available Spare Threshold:          99%
Percentage Used:                    2%
Data Units Read:                    107,078,749 [54.8 TB]
Data Units Written:                 62,777,595 [32.1 TB]
Host Read Commands:                 2,353,649,453
Host Write Commands:                852,363,618
Controller Busy Time:               0
Power Cycles:                       151
Power On Hours:                     870
Unsafe Shutdowns:                   9
Media and Data Integrity Errors:    0
Error Information Log Entries:      0

Read 1 entries from Error Information Log failed: GetLogPage failed: system=0x38, sub=0x0, code=745


```
## 04-28
```shell
smartctl 7.4 2023-08-01 r5530 [Darwin 23.0.0 arm64] (local build)
Copyright (C) 2002-23, Bruce Allen, Christian Franke, www.smartmontools.org

=== START OF INFORMATION SECTION ===
Model Number:                       APPLE SSD AP0256Z
Serial Number:                      0ba01f1144582433
Firmware Version:                   355
PCI Vendor/Subsystem ID:            0x106b
IEEE OUI Identifier:                0x000000
Controller ID:                      0
NVMe Version:                       <1.2
Number of Namespaces:               3
Local Time is:                      Sun Apr 28 14:22:31 2024 CST
Firmware Updates (0x02):            1 Slot
Optional Admin Commands (0x0004):   Frmw_DL
Optional NVM Commands (0x0004):     DS_Mngmt
Maximum Data Transfer Size:         256 Pages

Supported Power States
St Op     Max   Active     Idle   RL RT WL WT  Ent_Lat  Ex_Lat
 0 +     0.00W       -        -    0  0  0  0        0       0

=== START OF SMART DATA SECTION ===
SMART overall-health self-assessment test result: PASSED

SMART/Health Information (NVMe Log 0x02)
Critical Warning:                   0x00
Temperature:                        33 Celsius
Available Spare:                    100%
Available Spare Threshold:          99%
Percentage Used:                    2%
Data Units Read:                    107,078,972 [54.8 TB]
Data Units Written:                 62,777,609 [32.1 TB]
Host Read Commands:                 2,353,654,528
Host Write Commands:                852,364,458
Controller Busy Time:               0
Power Cycles:                       151
Power On Hours:                     870
Unsafe Shutdowns:                   9
Media and Data Integrity Errors:    0
Error Information Log Entries:      0

Read 1 entries from Error Information Log failed: GetLogPage failed: system=0x38, sub=0x0, code=745


```
## 04-28
```shell
smartctl 7.4 2023-08-01 r5530 [Darwin 23.0.0 arm64] (local build)
Copyright (C) 2002-23, Bruce Allen, Christian Franke, www.smartmontools.org

=== START OF INFORMATION SECTION ===
Model Number:                       APPLE SSD AP0256Z
Serial Number:                      0ba01f1144582433
Firmware Version:                   355
PCI Vendor/Subsystem ID:            0x106b
IEEE OUI Identifier:                0x000000
Controller ID:                      0
NVMe Version:                       <1.2
Number of Namespaces:               3
Local Time is:                      Sun Apr 28 14:22:34 2024 CST
Firmware Updates (0x02):            1 Slot
Optional Admin Commands (0x0004):   Frmw_DL
Optional NVM Commands (0x0004):     DS_Mngmt
Maximum Data Transfer Size:         256 Pages

Supported Power States
St Op     Max   Active     Idle   RL RT WL WT  Ent_Lat  Ex_Lat
 0 +     0.00W       -        -    0  0  0  0        0       0

=== START OF SMART DATA SECTION ===
SMART overall-health self-assessment test result: PASSED

SMART/Health Information (NVMe Log 0x02)
Critical Warning:                   0x00
Temperature:                        33 Celsius
Available Spare:                    100%
Available Spare Threshold:          99%
Percentage Used:                    2%
Data Units Read:                    107,078,974 [54.8 TB]
Data Units Written:                 62,777,609 [32.1 TB]
Host Read Commands:                 2,353,654,594
Host Write Commands:                852,364,497
Controller Busy Time:               0
Power Cycles:                       151
Power On Hours:                     870
Unsafe Shutdowns:                   9
Media and Data Integrity Errors:    0
Error Information Log Entries:      0

Read 1 entries from Error Information Log failed: GetLogPage failed: system=0x38, sub=0x0, code=745


```
## 04-28
```shell
smartctl 7.4 2023-08-01 r5530 [Darwin 23.0.0 arm64] (local build)
Copyright (C) 2002-23, Bruce Allen, Christian Franke, www.smartmontools.org

=== START OF INFORMATION SECTION ===
Model Number:                       APPLE SSD AP0256Z
Serial Number:                      0ba01f1144582433
Firmware Version:                   355
PCI Vendor/Subsystem ID:            0x106b
IEEE OUI Identifier:                0x000000
Controller ID:                      0
NVMe Version:                       <1.2
Number of Namespaces:               3
Local Time is:                      Sun Apr 28 14:29:31 2024 CST
Firmware Updates (0x02):            1 Slot
Optional Admin Commands (0x0004):   Frmw_DL
Optional NVM Commands (0x0004):     DS_Mngmt
Maximum Data Transfer Size:         256 Pages

Supported Power States
St Op     Max   Active     Idle   RL RT WL WT  Ent_Lat  Ex_Lat
 0 +     0.00W       -        -    0  0  0  0        0       0

=== START OF SMART DATA SECTION ===
SMART overall-health self-assessment test result: PASSED

SMART/Health Information (NVMe Log 0x02)
Critical Warning:                   0x00
Temperature:                        34 Celsius
Available Spare:                    100%
Available Spare Threshold:          99%
Percentage Used:                    2%
Data Units Read:                    107,093,361 [54.8 TB]
Data Units Written:                 62,785,092 [32.1 TB]
Host Read Commands:                 2,353,893,731
Host Write Commands:                852,438,751
Controller Busy Time:               0
Power Cycles:                       151
Power On Hours:                     870
Unsafe Shutdowns:                   9
Media and Data Integrity Errors:    0
Error Information Log Entries:      0

Read 1 entries from Error Information Log failed: GetLogPage failed: system=0x38, sub=0x0, code=745


```

## 04-28
```shell
smartctl 7.4 2023-08-01 r5530 [Darwin 23.0.0 arm64] (local build)
Copyright (C) 2002-23, Bruce Allen, Christian Franke, www.smartmontools.org

=== START OF INFORMATION SECTION ===
Model Number:                       APPLE SSD AP0256Z
Serial Number:                      0ba01f1144582433
Firmware Version:                   355
PCI Vendor/Subsystem ID:            0x106b
IEEE OUI Identifier:                0x000000
Controller ID:                      0
NVMe Version:                       <1.2
Number of Namespaces:               3
Local Time is:                      Sun Apr 28 14:29:47 2024 CST
Firmware Updates (0x02):            1 Slot
Optional Admin Commands (0x0004):   Frmw_DL
Optional NVM Commands (0x0004):     DS_Mngmt
Maximum Data Transfer Size:         256 Pages

Supported Power States
St Op     Max   Active     Idle   RL RT WL WT  Ent_Lat  Ex_Lat
 0 +     0.00W       -        -    0  0  0  0        0       0

=== START OF SMART DATA SECTION ===
SMART overall-health self-assessment test result: PASSED

SMART/Health Information (NVMe Log 0x02)
Critical Warning:                   0x00
Temperature:                        33 Celsius
Available Spare:                    100%
Available Spare Threshold:          99%
Percentage Used:                    2%
Data Units Read:                    107,093,495 [54.8 TB]
Data Units Written:                 62,785,107 [32.1 TB]
Host Read Commands:                 2,353,895,727
Host Write Commands:                852,439,169
Controller Busy Time:               0
Power Cycles:                       151
Power On Hours:                     870
Unsafe Shutdowns:                   9
Media and Data Integrity Errors:    0
Error Information Log Entries:      0

Read 1 entries from Error Information Log failed: GetLogPage failed: system=0x38, sub=0x0, code=745


```

